[36mvite v8.0.0 [32mbuilding client environment for production...[36m[39m
[2K
transforming...Γ£ô 436 modules transformed.
rendering chunks...
node.exe : 
[31mΓ£ù[39m Build 
failed in 321ms
At C:\Program Files\nod
ejs\npx.ps1:29 char:3
+   & $NODE_EXE 
$NPX_CLI_JS $args
+   ~~~~~~~~~~~~~~~~~~~
~~~~~~~~~~
    + CategoryInfo     
         : NotSpecifi  
  ed: ([31mΓ£ù[39m   
  Build failed in 3    
21ms:String) [], R    
emoteException
    + FullyQualifiedEr 
   rorId : NativeComm  
  andError
 
[31merror during 
build:
[31mBuild failed with 
1 error:

[31m[MISSING_EXPORT] 
Error:[0m "HiTrophy" 
is not exported by "nod
e_modules/react-icons/h
i/index.mjs".
   [38;5;246mΓò¡[0m[
38;5;246mΓöÇ[0m[38;5;
246m[[0m src/component
s/Achievements.jsx:3:50
 [38;5;246m][0m
   [38;5;246mΓöé[0m
 [38;5;246m3 Γöé[0m 
[38;5;249mi[0m[38;5;2
49mm[0m[38;5;249mp[0
m[38;5;249mo[0m[38;5
;249mr[0m[38;5;249mt
[0m[38;5;249m [0m[38
;5;249m{[0m[38;5;249m
 [0m[38;5;249mH[0m[
38;5;249mi[0m[38;5;24
9mS[0m[38;5;249mt[0m
[38;5;249ma[0m[38;5;
249mr[0m[38;5;249m,[
0m[38;5;249m [0m[38;
5;249mH[0m[38;5;249mi
[0m[38;5;249mA[0m[3
8;5;249mc[0m[38;5;249
ma[0m[38;5;249md[0m
[38;5;249me[0m[38;5;2
49mm[0m[38;5;249mi[0
m[38;5;249mc[0m[38;5
;249mC[0m[38;5;249ma
[0m[38;5;249mp[0m[38
;5;249m,[0m[38;5;249m
 [0m[38;5;249mH[0m[
38;5;249mi[0m[38;5;24
9mL[0m[38;5;249mi[0m
[38;5;249mg[0m[38;5;
249mh[0m[38;5;249mt[
0m[38;5;249mn[0m[38;
5;249mi[0m[38;5;249mn
[0m[38;5;249mg[0m[3
8;5;249mB[0m[38;5;249
mo[0m[38;5;249ml[0m
[38;5;249mt[0m[38;5;2
49m,[0m[38;5;249m [0
mHiTrophy[38;5;249m,[
0m[38;5;249m [0m[38;
5;249mH[0m[38;5;249mi
[0m[38;5;249mG[0m[3
8;5;249ml[0m[38;5;249
mo[0m[38;5;249mb[0m
[38;5;249me[0m[38;5;2
49m [0m[38;5;249m}[0
m[38;5;249m [0m[38;5
;249mf[0m[38;5;249mr
[0m[38;5;249mo[0m[38
;5;249mm[0m[38;5;249m
 [0m[38;5;249m"[0m[
38;5;249mr[0m[38;5;24
9me[0m[38;5;249ma[0m
[38;5;249mc[0m[38;5;
249mt[0m[38;5;249m-[
0m[38;5;249mi[0m[38;
5;249mc[0m[38;5;249mo
[0m[38;5;249mn[0m[3
8;5;249ms[0m[38;5;249
m/[0m[38;5;249mh[0m
[38;5;249mi[0m[38;5;2
49m"[0m[38;5;249m;[0
m
 [38;5;240m  Γöé[0m  
                       
                       
  ΓöÇΓöÇΓöÇΓöÇΓö¼ΓöÇΓöÇ
ΓöÇ  
 [38;5;240m  Γöé[0m  
                       
                       
      
Γò░ΓöÇΓöÇΓöÇΓöÇΓöÇ 
Missing export
[38;5;246mΓöÇΓöÇΓöÇΓò»
[0m
[31m
    at aggregateBinding
ErrorsIntoJsError (file
:///C:/Users/afnan/Desk
top/afnanshaikh_port/no
de_modules/rolldown/dis
t/shared/error-CP8smW_P
.mjs:48:18)
    at 
unwrapBindingResult (fi
le:///C:/Users/afnan/De
sktop/afnanshaikh_port/
node_modules/rolldown/d
ist/shared/error-CP8smW
_P.mjs:18:128)
    at #build (file:///
C:/Users/afnan/Desktop/
afnanshaikh_port/node_m
odules/rolldown/dist/sh
ared/rolldown-build-4Yn
QkA76.mjs:3311:34)
    at async 
buildEnvironment (file:
///C:/Users/afnan/Deskt
op/afnanshaikh_port/nod
e_modules/vite/dist/nod
e/chunks/node.js:32794:
64)
    at async 
Object.build (file:///C
:/Users/afnan/Desktop/a
fnanshaikh_port/node_mo
dules/vite/dist/node/ch
unks/node.js:33216:19)
    at async 
Object.buildApp (file:/
//C:/Users/afnan/Deskto
p/afnanshaikh_port/node
_modules/vite/dist/node
/chunks/node.js:33213:1
53)
    at async 
CAC.<anonymous> (file:/
//C:/Users/afnan/Deskto
p/afnanshaikh_port/node
_modules/vite/dist/node
/cli.js:778:3) {
  errors: 
[Getter/Setter]
}[39m
